// Jest Snapshot v1, https://goo.gl/fbAQLP

exports[`App component renders App 1`] = `
<DocumentFragment>
  <div
    class="headerContainer"
  >
    <section
      class="headerLeft"
    >
      <div />
    </section>
    <section
      class="headerRight"
    >
      <div
        class="burgerClosed"
      >
        <div
          class="bar1"
        />
        <div
          class="bar2"
        />
        <div
          class="bar3"
        />
      </div>
      <section
        class="navClosed"
      >
        <img
          alt="left curly bracket"
          class="brackets"
          height="25vh"
          src="/path/image"
        />
        <section
          class="links"
        >
          <a
            href="/"
          >
            Home
          </a>
             |  
          <a
            href="/portfolio"
          >
            Portfolio
          </a>
             |  
          <a
            href="/about"
          >
            About
          </a>
             |  
          <a
            href="/contact"
          >
            Contact
          </a>
        </section>
        <img
          alt="right curly bracket"
          class="brackets"
          height="25vh"
          src="/path/image"
        />
      </section>
    </section>
  </div>
  <div
    class="homeContainer"
  >
    <section
      class="scroll"
    >
      <div>
        <div
          class="arrowContainer"
        >
          <span
            class="arrow"
          />
        </div>
      </div>
    </section>
  </div>
  <div
    class="homeAbout"
  >
    <div
      class="scrollLocation"
    />
    <div
      class="aboutContainer"
    >
      <h1
        class="titleHome"
      >
        ABOUT
      </h1>
      <section
        class="aboutRight"
        style="margin: 2em;"
      >
        <section
          class="aboutRightSection"
        >
          <section
            class="rightTop"
          >
            <div
              class="crop"
            />
            <div
              class="description"
            >
              Multifaceted, intuitive, and detail-driven Front End Software Engineer.
            </div>
            <section
              class="socials"
            >
              <div
                class="socialsContainer"
              >
                <div
                  class="icons"
                >
                  <div
                    class="iconContainer"
                  >
                    <a
                      href="https://www.linkedin.com/in/jenaluxboehm/"
                    >
                      <img
                        alt="LinkedIn Icon"
                        class="iconBottom"
                        src="/path/image"
                      />
                      <div
                        class="iconTop"
                      >
                        <img
                          alt="LinkedIn Icon"
                          class="imgTop"
                          src="/path/image"
                        />
                      </div>
                    </a>
                  </div>
                  <div
                    class="iconContainer"
                  >
                    <a
                      href="https://github.com/jena-boehm"
                    >
                      <img
                        alt="GitHub Icon"
                        class="iconBottom"
                        src="/path/image"
                      />
                      <div
                        class="iconTop"
                      >
                        <img
                          alt="GitHub Icon"
                          class="imgTop"
                          src="/path/image"
                        />
                      </div>
                    </a>
                  </div>
                  <div
                    class="iconContainer"
                  >
                    <a
                      href="mailto:jenaluxboehm@gmail.com"
                    >
                      <img
                        alt="Email Icon"
                        class="iconBottom"
                        src="/path/image"
                      />
                      <div
                        class="iconTop"
                      >
                        <img
                          alt="Email Icon"
                          class="imgTop"
                          src="/path/image"
                        />
                      </div>
                    </a>
                  </div>
                </div>
                <button>
                  Resume
                </button>
              </div>
            </section>
            <section
              class="scroll"
            >
              <div>
                <div
                  class="arrowContainer"
                >
                  <span
                    class="arrow"
                  />
                </div>
              </div>
            </section>
          </section>
          <section
            class="rightMain"
          >
            <div
              class="bio"
            >
              My work is inspired by open communication, authentic expression, and effective organization. Experienced with Full Stack, but front end really feels like home.
              <br />
              <br />
              With a knack for creative problem-solving and an eye for front end design, I thrive in user-focused environments that fuse technology and art together in innovative ways.
              <br />
              <br />
              Tech is the future, and I believe that as a software engineer I am able to directly and positively impact the lives of many people.
            </div>
            <div
              class="line"
            />
            <div
              class="techStack"
            >
              <div
                class="techStackLeft"
              >
                <div
                  class="stackItem"
                >
                  <div
                    class="stackHeader"
                  >
                    Languages:
                  </div>
                  <div>
                    HTML, CSS, JavaScript
                  </div>
                </div>
                <div
                  class="stackItem"
                >
                  <div
                    class="stackHeader"
                  >
                    Libraries & Frameworks:
                  </div>
                  <div>
                    React, Redux, NodeJS, Twilio, ExpressJS, Superagent, GraphQL
                  </div>
                </div>
                <div
                  class="stackItem"
                >
                  <div
                    class="stackHeader"
                  >
                    Testing:
                  </div>
                  <div>
                    Jest, QUnit, Supertest, Travis CI, GitHub CI
                  </div>
                </div>
                <div
                  class="stackItem"
                >
                  <div
                    class="stackHeader"
                  >
                    Databases:
                  </div>
                  <div>
                    PostgreSQL
                  </div>
                </div>
              </div>
              <div
                class="techStackRight"
              >
                <div
                  class="stackItem"
                >
                  <div
                    class="stackHeader"
                  >
                    Tools:
                  </div>
                  <div>
                    VSCode, Git, GitHub, Heroku, Netlify, Postman, PGAdmin, Twilio, AWS Rekognition, Ableton Live
                  </div>
                </div>
                <div
                  class="stackItem"
                >
                  <div
                    class="stackHeader"
                  >
                    Project Management Tools:
                  </div>
                  <div>
                    Miro, Figma, Trello, Airtable, Asana, Slack
                  </div>
                </div>
                <div
                  class="stackItem"
                >
                  <div
                    class="stackHeader"
                  >
                    Dev Practices:
                  </div>
                  <div>
                    Pair Programming, RESTful APIs, Agile, Test Driven Development
                  </div>
                </div>
              </div>
            </div>
          </section>
        </section>
        <section
          class="bottomBlurb"
        >
          Other passions and skills:
          <br />
          Electronic music production, audio engineering, DJing & live performing, event production, transcribing, volunteer coordination, dance, and classical piano.
        </section>
      </section>
    </div>
  </div>
</DocumentFragment>
`;
