// Jest Snapshot v1, https://goo.gl/fbAQLP

exports[`App component renders App 1`] = `
<DocumentFragment>
  <div
    class="headerContainer"
  >
    <section
      class="headerLeft"
    >
      <div />
    </section>
    <section
      class="headerRight"
    >
      <img
        alt="left curly bracket"
        class="brackets"
        height="25vh"
        src="/path/image"
      />
      <a
        href="/"
      >
        Home
      </a>
         |  
      <a
        href="/portfolio"
      >
        Portfolio
      </a>
         |  
      <a
        href="/about"
      >
        About
      </a>
         |  
      <a
        href="/contact"
      >
        Contact
      </a>
      <img
        alt="right curly bracket"
        class="brackets"
        height="25vh"
        src="/path/image"
      />
    </section>
  </div>
  <div
    class="homeContainer"
  />
</DocumentFragment>
`;
