// Jest Snapshot v1, https://goo.gl/fbAQLP

exports[`App component renders App 1`] = `
<DocumentFragment>
  <div
    class="headerContainer"
  >
    <section
      class="headerRight"
    >
      <a
        href="/"
      >
        Home
      </a>
         |  
      <a
        href="/portfolio"
      >
        Portfolio
      </a>
         |  
      <a
        href="/about"
      >
        About
      </a>
         |  
      <a
        href="/contact"
      >
        Contact
      </a>
    </section>
  </div>
  <div
    class="homeContainer"
  >
    <img
      alt="Jena Lux Boehm - Software Engineer"
      class="homeGraphic"
      height="90%"
      src="/path/image"
      width="90%"
    />
  </div>
</DocumentFragment>
`;
