// Jest Snapshot v1, https://goo.gl/fbAQLP

exports[`Contact component renders Contact 1`] = `
<DocumentFragment>
  <div
    class="contactContainer"
  >
    <h1
      class="titleLeft"
    >
      CONTACT
    </h1>
    <section
      class="contactRight"
    >
      <section
        class="rightMain"
      >
        <div
          class="titleTop"
        >
          CONTACT
        </div>
        <section
          class="rightTop"
        >
          Let's chat!
        </section>
        <form
          autocomplete="none"
          class="form"
          method="post"
          name="portfolio-contact"
        >
          <input
            name="form-name"
            type="hidden"
            value="portfolio-contact"
          />
          <div
            class="formInput"
          >
            <input
              autocomplete="none"
              name="portfolio-name"
              required=""
              type="text"
            />
            <label
              for="contactName7890"
            >
              Name
            </label>
          </div>
          <div
            class="formInput"
          >
            <input
              autocomplete="none"
              name="portfolio-email"
              required=""
              type="email"
            />
            <label
              for="contactEmail7890"
            >
              Email
            </label>
          </div>
          <div
            class="formInput"
          >
            <input
              autocomplete="none"
              name="portfolio-role"
              required=""
              type="text"
            />
            <label
              for="contactRole7890"
            >
              Role
            </label>
          </div>
          <div
            class="formInput"
          >
            <input
              autocomplete="none"
              name="portfolio-company"
              required=""
              type="text"
            />
            <label
              for="contactCompany7890"
            >
              Company
            </label>
          </div>
          <div
            class="formInput"
          >
            <input
              autocomplete="on"
              name="portfolio-message"
              required=""
              type="text"
            />
            <label
              for="contactMessage7890"
            >
              Message
            </label>
          </div>
          <button
            type="submit"
          >
            Send
          </button>
        </form>
      </section>
      <section
        class="socials"
      >
        <div
          class="socialsContainer"
        >
          <div
            class="icons"
          >
            <div
              class="iconContainer"
            >
              <a
                href="https://www.linkedin.com/in/jenaluxboehm/"
                rel="noopener noreferrer"
                target="_blank"
              >
                <img
                  alt="LinkedIn Icon"
                  class="iconBottom"
                  src="/path/image"
                />
                <div
                  class="iconTop"
                >
                  <img
                    alt="LinkedIn Icon"
                    class="imgTop"
                    src="/path/image"
                  />
                </div>
              </a>
            </div>
            <div
              class="iconContainer"
            >
              <a
                href="https://github.com/jena-boehm"
                rel="noopener noreferrer"
                target="_blank"
              >
                <img
                  alt="GitHub Icon"
                  class="iconBottom"
                  src="/path/image"
                />
                <div
                  class="iconTop"
                >
                  <img
                    alt="GitHub Icon"
                    class="imgTop"
                    src="/path/image"
                  />
                </div>
              </a>
            </div>
            <div
              class="iconContainer"
            >
              <a
                href="mailto:jenaluxboehm@gmail.com"
                rel="noopener noreferrer"
                target="_blank"
              >
                <img
                  alt="Email Icon"
                  class="iconBottom"
                  src="/path/image"
                />
                <div
                  class="iconTop"
                >
                  <img
                    alt="Email Icon"
                    class="imgTop"
                    src="/path/image"
                  />
                </div>
              </a>
            </div>
          </div>
          <button>
            Resume
          </button>
        </div>
      </section>
    </section>
  </div>
</DocumentFragment>
`;
