// Jest Snapshot v1, https://goo.gl/fbAQLP

exports[`Contact component renders Contact 1`] = `
<DocumentFragment>
  <div
    class="contactContainer"
  >
    <h1
      class="titleLeft"
    >
      CONTACT
    </h1>
    <section
      class="aboutRight"
    >
      <section
        class="rightMain"
      >
        <section
          class="rightTop"
        >
          Let's chat!
        </section>
        <form
          autocomplete="none"
          class="form"
        >
          <div
            class="formInput"
          >
            <input
              autocomplete="none"
              name="contactName7890"
              required=""
              type="contactName7890"
            />
            <label
              for="contactName7890"
            >
              Name
            </label>
          </div>
          <div
            class="formInput"
          >
            <input
              autocomplete="none"
              name="contactEmail7890"
              required=""
              type="contactEmail7890"
            />
            <label
              for="contactEmail7890"
            >
              Email
            </label>
          </div>
          <div
            class="formInput"
          >
            <input
              autocomplete="none"
              name="contactRole7890"
              required=""
              type="contactRole7890"
            />
            <label
              for="contactRole7890"
            >
              Role
            </label>
          </div>
          <div
            class="formInput"
          >
            <input
              autocomplete="none"
              name="contactCompany7890"
              required=""
              type="contactCompany7890"
            />
            <label
              for="contactCompany7890"
            >
              Company
            </label>
          </div>
          <div
            class="formInput"
          >
            <input
              autocomplete="on"
              name="contactMessage7890"
              required=""
              type="contactMessage7890"
            />
            <label
              for="contactMessage7890"
            >
              Message
            </label>
          </div>
          <button
            type="submit"
          >
            Send
          </button>
        </form>
      </section>
      <section
        class="socials"
      >
        <div
          class="socialsContainer"
        >
          <div
            class="icons"
          >
            <div
              class="iconContainer"
            >
              <a
                href="https://www.linkedin.com/in/jenaluxboehm/"
              >
                <img
                  alt="LinkedIn Icon"
                  class="iconBottom"
                  src="/path/image"
                />
                <div
                  class="iconTop"
                >
                  <img
                    alt="LinkedIn Icon"
                    class="imgTop"
                    src="/path/image"
                  />
                </div>
              </a>
            </div>
            <div
              class="iconContainer"
            >
              <a
                href="https://github.com/jena-boehm"
              >
                <img
                  alt="GitHub Icon"
                  class="iconBottom"
                  src="/path/image"
                />
                <div
                  class="iconTop"
                >
                  <img
                    alt="GitHub Icon"
                    class="imgTop"
                    src="/path/image"
                  />
                </div>
              </a>
            </div>
            <div
              class="iconContainer"
            >
              <a
                href="mailto:jenaluxboehm@gmail.com"
              >
                <img
                  alt="Email Icon"
                  class="iconBottom"
                  src="/path/image"
                />
                <div
                  class="iconTop"
                >
                  <img
                    alt="Email Icon"
                    class="imgTop"
                    src="/path/image"
                  />
                </div>
              </a>
            </div>
          </div>
          <button>
            Resume
          </button>
        </div>
      </section>
    </section>
  </div>
</DocumentFragment>
`;
