// Jest Snapshot v1, https://goo.gl/fbAQLP

exports[`Header component renders Header 1`] = `
<DocumentFragment>
  <div
    class="headerContainer"
  >
    <section
      class="headerLeft"
    >
      <div />
    </section>
    <section
      class="headerRight"
    >
      <div
        class="burgerClosed"
      >
        <div
          class="bar1"
        />
        <div
          class="bar2"
        />
        <div
          class="bar3"
        />
      </div>
      <section
        class="navClosed"
      >
        <img
          alt="left curly bracket"
          class="brackets"
          height="25vh"
          src="/path/image"
        />
        <section
          class="links"
        >
          <a
            href="/"
          >
            Home
          </a>
             |  
          <a
            href="/portfolio"
          >
            Portfolio
          </a>
             |  
          <a
            href="/about"
          >
            About
          </a>
             |  
          <a
            href="/contact"
          >
            Contact
          </a>
        </section>
        <img
          alt="right curly bracket"
          class="brackets"
          height="25vh"
          src="/path/image"
        />
      </section>
    </section>
  </div>
</DocumentFragment>
`;
